---
source: src/parser/parser.rs
description: a.b
---
Module {
    node: Node {
        start: 0,
        end: 3,
    },
    body: [
        ExpressionStatement(
            Attribute(
                Attribute {
                    node: Node {
                        start: 0,
                        end: 3,
                    },
                    value: Name(
                        Name {
                            node: Node {
                                start: 0,
                                end: 1,
                            },
                            id: "a",
                        },
                    ),
                    attr: "b",
                },
            ),
        ),
    ],
}
