---
source: parser/src/lexer/mod.rs
description: "0xF"
---
[
    Token {
        kind: Hexadecimal,
        value: Number(
            "0xF",
        ),
        start: 0,
        end: 3,
    },
]
