---
source: parser/src/lexer/mod.rs
description: "`"
---
[
    Token {
        kind: BackTick,
        value: None,
        start: 0,
        end: 1,
    },
]
