---
source: parser/src/lexer/mod.rs
description: "rf'''hello'''"
---
[
    Token {
        kind: RawFStringStart,
        value: Str(
            "rf'''",
        ),
        start: 0,
        end: 5,
    },
    Token {
        kind: FStringMiddle,
        value: Str(
            "hello",
        ),
        start: 5,
        end: 10,
    },
    Token {
        kind: FStringEnd,
        value: Str(
            "'''",
        ),
        start: 10,
        end: 13,
    },
]
