---
source: parser/src/lexer/mod.rs
description: "<<"
---
[
    Token {
        kind: LeftShift,
        value: None,
        start: 0,
        end: 2,
    },
]
