---
source: parser/src/lexer/lexer.rs
---
[
    Token {
        kind: Octal,
        value: Number(
            "0o6",
        ),
        start: 0,
        end: 3,
    },
]
