---
source: parser/src/lexer/mod.rs
description: "u\"world\""
---
[
    Token {
        kind: Unicode,
        value: Str(
            "u\"world\"",
        ),
        start: 0,
        end: 8,
    },
]
