---
source: parser/src/lexer/mod.rs
description: "a[::d,]\n"
input_file: parser/test_data/inputs/one_liners/subscript.py
---
[
    Token {
        kind: Identifier,
        value: Str(
            "a",
        ),
        start: 0,
        end: 1,
    },
    Token {
        kind: LeftBrace,
        value: None,
        start: 1,
        end: 2,
    },
    Token {
        kind: Colon,
        value: None,
        start: 2,
        end: 3,
    },
    Token {
        kind: Colon,
        value: None,
        start: 3,
        end: 4,
    },
    Token {
        kind: Identifier,
        value: Str(
            "d",
        ),
        start: 4,
        end: 5,
    },
    Token {
        kind: Comma,
        value: None,
        start: 5,
        end: 6,
    },
    Token {
        kind: RightBrace,
        value: None,
        start: 6,
        end: 7,
    },
    Token {
        kind: NewLine,
        value: None,
        start: 7,
        end: 8,
    },
]
