---
source: parser/src/lexer/mod.rs
---
[
    Token {
        kind: Octal,
        value: Number(
            "0o0",
        ),
        start: 0,
        end: 3,
    },
]
