---
source: parser/src/parser/parser.rs
description: "eval(' '.join(map(chr, [105, 110, 116])))"
---
Module {
    node: Node {
        start: 0,
        end: 41,
    },
    body: [
        ExpressionStatement(
            Call(
                Call {
                    node: Node {
                        start: 0,
                        end: 41,
                    },
                    func: Name(
                        Name {
                            node: Node {
                                start: 0,
                                end: 4,
                            },
                            id: "eval",
                        },
                    ),
                    args: [
                        Call(
                            Call {
                                node: Node {
                                    start: 5,
                                    end: 40,
                                },
                                func: Attribute(
                                    Attribute {
                                        node: Node {
                                            start: 5,
                                            end: 13,
                                        },
                                        value: Constant(
                                            Constant {
                                                node: Node {
                                                    start: 5,
                                                    end: 8,
                                                },
                                                value: Str(
                                                    Single,
                                                ),
                                            },
                                        ),
                                        attr: "join",
                                    },
                                ),
                                args: [
                                    Call(
                                        Call {
                                            node: Node {
                                                start: 14,
                                                end: 39,
                                            },
                                            func: Name(
                                                Name {
                                                    node: Node {
                                                        start: 14,
                                                        end: 17,
                                                    },
                                                    id: "map",
                                                },
                                            ),
                                            args: [
                                                Name(
                                                    Name {
                                                        node: Node {
                                                            start: 18,
                                                            end: 21,
                                                        },
                                                        id: "chr",
                                                    },
                                                ),
                                                List(
                                                    List {
                                                        node: Node {
                                                            start: 23,
                                                            end: 38,
                                                        },
                                                        elements: [
                                                            Constant(
                                                                Constant {
                                                                    node: Node {
                                                                        start: 24,
                                                                        end: 27,
                                                                    },
                                                                    value: Int,
                                                                },
                                                            ),
                                                            Constant(
                                                                Constant {
                                                                    node: Node {
                                                                        start: 29,
                                                                        end: 32,
                                                                    },
                                                                    value: Int,
                                                                },
                                                            ),
                                                            Constant(
                                                                Constant {
                                                                    node: Node {
                                                                        start: 34,
                                                                        end: 37,
                                                                    },
                                                                    value: Int,
                                                                },
                                                            ),
                                                        ],
                                                    },
                                                ),
                                            ],
                                            keywords: [],
                                            starargs: None,
                                            kwargs: None,
                                        },
                                    ),
                                ],
                                keywords: [],
                                starargs: None,
                                kwargs: None,
                            },
                        ),
                    ],
                    keywords: [],
                    starargs: None,
                    kwargs: None,
                },
            ),
        ),
    ],
}
