---
source: parser/src/lexer/mod.rs
description: _a
---
0,2: Identifier   (Str("_a"))
