---
source: parser/src/parser/parser.rs
description: "'d' f'a' 'b'"
---
Module {
    node: Node {
        start: 0,
        end: 12,
    },
    body: [
        ExpressionStatement(
            JoinedStr(
                JoinedStr {
                    node: Node {
                        start: 0,
                        end: 12,
                    },
                    values: [
                        Constant(
                            Constant {
                                node: Node {
                                    start: 0,
                                    end: 8,
                                },
                                value: Str(
                                    Concat,
                                ),
                            },
                        ),
                        Constant(
                            Constant {
                                node: Node {
                                    start: 6,
                                    end: 7,
                                },
                                value: Str(
                                    Single,
                                ),
                            },
                        ),
                        Constant(
                            Constant {
                                node: Node {
                                    start: 9,
                                    end: 12,
                                },
                                value: Str(
                                    Single,
                                ),
                            },
                        ),
                    ],
                },
            ),
        ),
    ],
}
