---
source: parser/src/lexer/mod.rs
description: "b\"hello\""
---
0,8: Bytes   b"hello"
