---
source: parser/src/parser/parser.rs
description: "for a in b:\n    pass\n\nfor a in b:\n    pass\n\nfor a in range(10):\n    a = 1\nelse:\n    b = 1\n\nfor a in range(10), range(10):\n    a = 1\n\nasync for a in b:\n    pass\n\nasync for a in b:\n    pass\n\nfor a in [1, 2, 3]:\n    pass\n"
---
Module {
    node: Node {
        start: 0,
        end: 218,
    },
    body: [
        ForStatement(
            For {
                node: Node {
                    start: 0,
                    end: 22,
                },
                target: Name(
                    Name {
                        node: Node {
                            start: 4,
                            end: 5,
                        },
                        id: "a",
                        parenthesized: false,
                    },
                ),
                iter: Name(
                    Name {
                        node: Node {
                            start: 9,
                            end: 10,
                        },
                        id: "b",
                        parenthesized: false,
                    },
                ),
                body: [
                    Pass(
                        Pass {
                            node: Node {
                                start: 16,
                                end: 20,
                            },
                        },
                    ),
                ],
                orelse: [],
            },
        ),
        ForStatement(
            For {
                node: Node {
                    start: 22,
                    end: 44,
                },
                target: Name(
                    Name {
                        node: Node {
                            start: 26,
                            end: 27,
                        },
                        id: "a",
                        parenthesized: false,
                    },
                ),
                iter: Name(
                    Name {
                        node: Node {
                            start: 31,
                            end: 32,
                        },
                        id: "b",
                        parenthesized: false,
                    },
                ),
                body: [
                    Pass(
                        Pass {
                            node: Node {
                                start: 38,
                                end: 42,
                            },
                        },
                    ),
                ],
                orelse: [],
            },
        ),
        ForStatement(
            For {
                node: Node {
                    start: 44,
                    end: 91,
                },
                target: Name(
                    Name {
                        node: Node {
                            start: 48,
                            end: 49,
                        },
                        id: "a",
                        parenthesized: false,
                    },
                ),
                iter: Call(
                    Call {
                        node: Node {
                            start: 53,
                            end: 62,
                        },
                        func: Name(
                            Name {
                                node: Node {
                                    start: 53,
                                    end: 58,
                                },
                                id: "range",
                                parenthesized: false,
                            },
                        ),
                        args: [
                            Constant(
                                Constant {
                                    node: Node {
                                        start: 59,
                                        end: 61,
                                    },
                                    value: 10,
                                },
                            ),
                        ],
                        keywords: [],
                        starargs: None,
                        kwargs: None,
                    },
                ),
                body: [
                    AssignStatement(
                        Assign {
                            node: Node {
                                start: 68,
                                end: 73,
                            },
                            targets: [
                                Name(
                                    Name {
                                        node: Node {
                                            start: 68,
                                            end: 69,
                                        },
                                        id: "a",
                                        parenthesized: false,
                                    },
                                ),
                            ],
                            value: Constant(
                                Constant {
                                    node: Node {
                                        start: 72,
                                        end: 73,
                                    },
                                    value: 1,
                                },
                            ),
                        },
                    ),
                ],
                orelse: [
                    AssignStatement(
                        Assign {
                            node: Node {
                                start: 84,
                                end: 89,
                            },
                            targets: [
                                Name(
                                    Name {
                                        node: Node {
                                            start: 84,
                                            end: 85,
                                        },
                                        id: "b",
                                        parenthesized: false,
                                    },
                                ),
                            ],
                            value: Constant(
                                Constant {
                                    node: Node {
                                        start: 88,
                                        end: 89,
                                    },
                                    value: 1,
                                },
                            ),
                        },
                    ),
                ],
            },
        ),
        ForStatement(
            For {
                node: Node {
                    start: 91,
                    end: 133,
                },
                target: Name(
                    Name {
                        node: Node {
                            start: 95,
                            end: 96,
                        },
                        id: "a",
                        parenthesized: false,
                    },
                ),
                iter: Tuple(
                    Tuple {
                        node: Node {
                            start: 91,
                            end: 120,
                        },
                        elements: [
                            Call(
                                Call {
                                    node: Node {
                                        start: 100,
                                        end: 109,
                                    },
                                    func: Name(
                                        Name {
                                            node: Node {
                                                start: 100,
                                                end: 105,
                                            },
                                            id: "range",
                                            parenthesized: false,
                                        },
                                    ),
                                    args: [
                                        Constant(
                                            Constant {
                                                node: Node {
                                                    start: 106,
                                                    end: 108,
                                                },
                                                value: 10,
                                            },
                                        ),
                                    ],
                                    keywords: [],
                                    starargs: None,
                                    kwargs: None,
                                },
                            ),
                            Call(
                                Call {
                                    node: Node {
                                        start: 111,
                                        end: 120,
                                    },
                                    func: Name(
                                        Name {
                                            node: Node {
                                                start: 111,
                                                end: 116,
                                            },
                                            id: "range",
                                            parenthesized: false,
                                        },
                                    ),
                                    args: [
                                        Constant(
                                            Constant {
                                                node: Node {
                                                    start: 117,
                                                    end: 119,
                                                },
                                                value: 10,
                                            },
                                        ),
                                    ],
                                    keywords: [],
                                    starargs: None,
                                    kwargs: None,
                                },
                            ),
                        ],
                    },
                ),
                body: [
                    AssignStatement(
                        Assign {
                            node: Node {
                                start: 126,
                                end: 131,
                            },
                            targets: [
                                Name(
                                    Name {
                                        node: Node {
                                            start: 126,
                                            end: 127,
                                        },
                                        id: "a",
                                        parenthesized: false,
                                    },
                                ),
                            ],
                            value: Constant(
                                Constant {
                                    node: Node {
                                        start: 130,
                                        end: 131,
                                    },
                                    value: 1,
                                },
                            ),
                        },
                    ),
                ],
                orelse: [],
            },
        ),
        AsyncForStatement(
            AsyncFor {
                node: Node {
                    start: 133,
                    end: 161,
                },
                target: Name(
                    Name {
                        node: Node {
                            start: 143,
                            end: 144,
                        },
                        id: "a",
                        parenthesized: false,
                    },
                ),
                iter: Name(
                    Name {
                        node: Node {
                            start: 148,
                            end: 149,
                        },
                        id: "b",
                        parenthesized: false,
                    },
                ),
                body: [
                    Pass(
                        Pass {
                            node: Node {
                                start: 155,
                                end: 159,
                            },
                        },
                    ),
                ],
                orelse: [],
            },
        ),
        AsyncForStatement(
            AsyncFor {
                node: Node {
                    start: 161,
                    end: 189,
                },
                target: Name(
                    Name {
                        node: Node {
                            start: 171,
                            end: 172,
                        },
                        id: "a",
                        parenthesized: false,
                    },
                ),
                iter: Name(
                    Name {
                        node: Node {
                            start: 176,
                            end: 177,
                        },
                        id: "b",
                        parenthesized: false,
                    },
                ),
                body: [
                    Pass(
                        Pass {
                            node: Node {
                                start: 183,
                                end: 187,
                            },
                        },
                    ),
                ],
                orelse: [],
            },
        ),
        ForStatement(
            For {
                node: Node {
                    start: 189,
                    end: 218,
                },
                target: Name(
                    Name {
                        node: Node {
                            start: 193,
                            end: 194,
                        },
                        id: "a",
                        parenthesized: false,
                    },
                ),
                iter: List(
                    List {
                        node: Node {
                            start: 198,
                            end: 207,
                        },
                        elements: [
                            Constant(
                                Constant {
                                    node: Node {
                                        start: 199,
                                        end: 200,
                                    },
                                    value: 1,
                                },
                            ),
                            Constant(
                                Constant {
                                    node: Node {
                                        start: 202,
                                        end: 203,
                                    },
                                    value: 2,
                                },
                            ),
                            Constant(
                                Constant {
                                    node: Node {
                                        start: 205,
                                        end: 206,
                                    },
                                    value: 3,
                                },
                            ),
                        ],
                    },
                ),
                body: [
                    Pass(
                        Pass {
                            node: Node {
                                start: 213,
                                end: 217,
                            },
                        },
                    ),
                ],
                orelse: [],
            },
        ),
    ],
}
