---
source: parser/src/lexer/mod.rs
description: False None True and as assert async await
---
0,5: False
6,10: None
11,15: True
16,19: And
20,22: As
23,29: Assert
30,35: Async
36,41: Await
