---
source: parser/src/parser/parser.rs
description: "func(a,)"
---
Module {
    node: Node {
        start: 0,
        end: 8,
    },
    body: [
        ExpressionStatement(
            Call(
                Call {
                    node: Node {
                        start: 0,
                        end: 8,
                    },
                    func: Name(
                        Name {
                            node: Node {
                                start: 0,
                                end: 4,
                            },
                            id: "func",
                            parenthesized: false,
                        },
                    ),
                    args: [
                        Name(
                            Name {
                                node: Node {
                                    start: 5,
                                    end: 6,
                                },
                                id: "a",
                                parenthesized: false,
                            },
                        ),
                    ],
                    keywords: [],
                    starargs: None,
                    kwargs: None,
                },
            ),
        ),
    ],
}
