---
source: parser/src/lexer/mod.rs
description: "0x7"
---
0,3: Hexadecimal   0x7
