---
source: parser/src/lexer/mod.rs
description: "'''hello''"
---
0,9: Error        (Str("String not terminated"))
