---
source: parser/src/lexer/mod.rs
description: "a = \"hello\""
---
0,1: Identifier                  (Str("a"))
2,3: =                                        (None)
4,11: StringLiteral   (Str("\"hello\""))
