---
source: src/lexer/lexer.rs
description: "0xa"
---
[
    Token {
        kind: Hexadecimal,
        value: Number(
            "0xa",
        ),
        start: 0,
        end: 3,
    },
]
