---
source: parser/src/parser/parser.rs
description: "f'a_{1}' 'b' "
---
Module {
    node: Node {
        start: 0,
        end: 12,
    },
    body: [
        ExpressionStatement(
            JoinedStr(
                JoinedStr {
                    node: Node {
                        start: 0,
                        end: 12,
                    },
                    values: [
                        Constant(
                            Constant {
                                node: Node {
                                    start: 4,
                                    end: 0,
                                },
                                value: "a_",
                            },
                        ),
                        Constant(
                            Constant {
                                node: Node {
                                    start: 5,
                                    end: 6,
                                },
                                value: 1,
                            },
                        ),
                        Constant(
                            Constant {
                                node: Node {
                                    start: 0,
                                    end: 12,
                                },
                                value: "b",
                            },
                        ),
                    ],
                },
            ),
        ),
    ],
}
