---
source: src/parser/parser.rs
description: "{a: b\n            , c: d}"
---
Module {
    node: Node {
        start: 0,
        end: 25,
    },
    body: [
        ExpressionStatement(
            Dict(
                Dict {
                    node: Node {
                        start: 0,
                        end: 25,
                    },
                    keys: [
                        Name(
                            Name {
                                node: Node {
                                    start: 1,
                                    end: 2,
                                },
                                id: "a",
                            },
                        ),
                        Name(
                            Name {
                                node: Node {
                                    start: 20,
                                    end: 21,
                                },
                                id: "c",
                            },
                        ),
                    ],
                    values: [
                        Name(
                            Name {
                                node: Node {
                                    start: 4,
                                    end: 5,
                                },
                                id: "b",
                            },
                        ),
                        Name(
                            Name {
                                node: Node {
                                    start: 23,
                                    end: 24,
                                },
                                id: "d",
                            },
                        ),
                    ],
                },
            ),
        ),
    ],
}
