---
source: typechecker/src/type_check/type_evaluator.rs
description: "a = b + 1\n\na = c()\n\n"
expression: result
input_file: typechecker/test_data/inputs/type_check_undefined.py
---
'b + 1': Int
'c()': Unknown
