---
source: typechecker/src/type_check/type_evaluator.rs
description: "1: from logging import Logger\n2: from typing import Generic, Sequence, TypeVar, Iterable\n3: \n4: T = TypeVar(\"T\")\n5: \n6: \n7: def first(l: Sequence[T]) -> T:\n8:     return l[0]\n9: \n10: \n11: first([1, 2, 3])  # return type type parameter\n12: \n13: \n14: AnyStr = TypeVar(\"AnyStr\", str, bytes)\n15: \n16: \n17: def concat(x: AnyStr, y: AnyStr) -> AnyStr:\n18:     return x + y\n19: \n20: \n21: # > Specifying a single constraint is disallowed.\n22: \n23: BadConstraint1 = TypeVar(\"BadConstraint1\", str)  # Type error\n24: \n25: # > Note: those types cannot be parameterized by type variables\n26: \n27: BadConstraint2 = TypeVar(\"BadConstraint2\", str, T)  # Type error\n28: \n29: \n30: class LoggedVar(Generic[T]):\n31:     def __init__(self, value: T, name: str, logger: Logger) -> None:\n32:         self.name = name\n33:         self.logger = logger\n34:         self.value = value\n35: \n36:     def set(self, new: T) -> None:\n37:         self.log(\"Set \" + repr(self.value))\n38:         self.value = new\n39: \n40:     def get(self) -> T:\n41:         self.log(\"Get \" + repr(self.value))\n42:         return self.value\n43: \n44:     def log(self, message: str) -> None:\n45:         msg = \"{}: {}\".format(self.name, message)\n46:         self.logger.info(msg)\n47: \n48: \n49: log_var = LoggedVar(1, \"var1\", Logger(\"test\"))\n50: \n51: \n52: def zero_all_vars(vars: Iterable[LoggedVar[int]]) -> None:\n53:     for var in vars:\n54:         var.set(0)\n55: \n56: \n57: zero_all_vars([log_var])  # OK\n58: \n59: \n60: # > A generic type can have any number of type variables, and type variables\n61: # > may be constrained.\n62: \n63: S = TypeVar(\"S\")\n64: \n65: \n66: class Pair1(Generic[T, S]): ...\n67: \n68: \n69: pair1 = Pair1()\n70: \n71: # > Each type variable argument to ``Generic`` must be distinct.\n72: \n73: \n74: class Pair2(Generic[T, T]):  # Type error\n75:     ...\n76: \n77: \n78: pair2 = Pair2()\n79: \n80: # > The ``Generic[T]`` base class is redundant in simple cases where you\n81: # > subclass some other generic class and specify type variables for its\n82: # > parameters.\n83: \n84: from collections.abc import Iterator, Mapping\n85: \n86: \n87: class MyIter1(Iterator[T]): ...\n88: \n89: \n90: class MyIter2(Iterator[T], Generic[T]): ...\n91: \n92: \n93: iter1 = MyIter1()\n94: iter2 = MyIter2()\n"
expression: result
input_file: typechecker/test_data/inputs/basic_generics.py
---
Line 4: T = TypeVar("T")

Expr types in the line --->:
        "TypeVar(\"T\")" => TypeVar[T, ]

---
Line 8:     return l[0]

Expr types in the line --->:
        "l[0]" => Sequence[TypeVar[T, ]]

---
Line 11: first([1, 2, 3])  # return type type parameter

Expr types in the line --->:
        "first([1, 2, 3])  # return type type parameter" => TypeVar[T, ]
        "[1, 2, 3]" => list[int]

---
Line 14: AnyStr = TypeVar("AnyStr", str, bytes)

Expr types in the line --->:
        "TypeVar(\"AnyStr\", str, bytes)" => TypeVar[AnyStr, str, bytes]

---
Line 18:     return x + y

Expr types in the line --->:
        "x" => TypeVar[AnyStr, str, bytes]
        "y" => TypeVar[AnyStr, str, bytes]
        "x + y" => TypeVar[AnyStr, str, bytes]

---
Line 23: BadConstraint1 = TypeVar("BadConstraint1", str)  # Type error

Expr types in the line --->:
        "TypeVar(\"BadConstraint1\", str)  # Type error" =>   [31mÃ—[0m TypeVar must be called with at least two bounds


---
Line 27: BadConstraint2 = TypeVar("BadConstraint2", str, T)  # Type error

Expr types in the line --->:
        "TypeVar(\"BadConstraint2\", str, T)  # Type error" =>   [31mÃ—[0m TypeVar cannot be used as a bound


---
Line 32:         self.name = name

Expr types in the line --->:
        "name" => str

---
Line 33:         self.logger = logger

Expr types in the line --->:
        "logger" => Logger

---
Line 34:         self.value = value

Expr types in the line --->:
        "value" => TypeVar[T, ]

---
Line 37:         self.log("Set " + repr(self.value))

Expr types in the line --->:
        "self.log(\"Set \" + repr(self.value))" => None
        "\"Set \" + repr(self.value)" => str

---
Line 38:         self.value = new

Expr types in the line --->:
        "new" => TypeVar[T, ]

---
Line 41:         self.log("Get " + repr(self.value))

Expr types in the line --->:
        "self.log(\"Get \" + repr(self.value))" => None
        "\"Get \" + repr(self.value)" => str

---
Line 42:         return self.value

Expr types in the line --->:
        "self.value" => TypeVar[T, ]

---
Line 45:         msg = "{}: {}".format(self.name, message)

Expr types in the line --->:
        "\"{}: {}\".format(self.name, message)" => LiteralString

---
Line 46:         self.logger.info(msg)

Expr types in the line --->:
        "self.logger.info(msg)" => None
        "msg" => LiteralString

---
Line 49: log_var = LoggedVar(1, "var1", Logger("test"))

Expr types in the line --->:
        "LoggedVar(1, \"var1\", Logger(\"test\"))" => LoggedVar[TypeVar[T, ]]

---
Line 57: zero_all_vars([log_var])  # OK

Expr types in the line --->:
        "zero_all_vars([log_var])  # OK" => None
        "[log_var]" => list[LoggedVar[TypeVar[T, ]]]

---
Line 63: S = TypeVar("S")

Expr types in the line --->:
        "TypeVar(\"S\")" => TypeVar[S, ]

---
Line 69: pair1 = Pair1()

Expr types in the line --->:
        "Pair1()" => Pair1[TypeVar[T, ], TypeVar[S, ]]

---
Line 78: pair2 = Pair2()

Expr types in the line --->:
        "Pair2()" =>   [31mÃ—[0m Duplicate type parameter


---
Line 93: iter1 = MyIter1()

Expr types in the line --->:
        "MyIter1()" => MyIter1

---
Line 94: iter2 = MyIter2()

Expr types in the line --->:
        "MyIter2()" => MyIter2[TypeVar[T, ]]

---

