---
source: typechecker/src/build.rs
description: "# undefined name\nprint(undef_name)\n\n# undefined name in function\ndef func():\n    print(undef_name)\n\n# undefined name in class\nclass MyClass:\n    print(undef_name)\n\n# undefined name in class function\nclass MyClass:\n    def func(self):\n        print(undef_name)\n\ncall_undefined_name()\n\nfor i in undef_name:\n    pass\n\n"
expression: result
---
Diagnostic { body: "call_undefined_name is not callable", suggestion: Some(""), range: Range { start: Position { line: 16, character: 0 }, end: Position { line: 16, character: 21 } } }
