---
source: src/lexer.rs
description: "f'hello_{var}'"
---
[
    Token {
        kind: FString,
        value: Str(
            "f'hello_{var}'",
        ),
        start: 0,
        end: 14,
    },
]
