---
source: src/lexer.rs
description: ðŸ¦€
---
[]
