---
source: src/lexer.rs
description: "r\"world\""
---
[
    Token {
        kind: RawString,
        value: String(
            "r\"world\"",
        ),
    },
]
